
> temp-app@0.1.0 build
> next build

Γû▓ Next.js 16.1.6 (Turbopack)
- Environments: .env

node.exe : ΓÜá The "middleware" 
file convention is deprecated. 
Please use "proxy" instead. 
Learn more: https://nextjs.org/do
cs/messages/middleware-to-proxy
At line:1 char:1
+ & "C:\Program 
Files\nodejs/node.exe" 
"C:\Program Files\nodejs/node_mo 
...
+ ~~~~~~~~~~~~~~~~~~~~~~~~~~~~~~~
~~~~~~~~~~~~~~~~~~~~~~~~~~~~~~~~~
~~~~~
    + CategoryInfo          : No 
   tSpecified: (ΓÜá The "middle  
  ...leware-to-proxy:String) [   
 ], RemoteException
    + FullyQualifiedErrorId : Na 
   tiveCommandError
 
  Creating an optimized production build ...
Γ£ô Compiled successfully in 8.6s
  Running TypeScript ...
Failed to compile.

./src/app/(dashboard)/summary/pag
e.tsx:39:21
Type error: Type '({ kmLogs: { 
id: string; createdAt: Date; 
updatedAt: Date; memberId: 
string; blockWeekId: string; 
totalKm: number; }[]; 
lifestyleLogs: { id: string; 
createdAt: Date; updatedAt: 
Date; memberId: string; 
blockWeekId: string; postCount: 
number; }[]; attendance: { ...; 
}[]; team: { ...; } | null; 
weighIns: { ...; }[]; } ...' is 
not assignable to type 
'Member[]'.
  Type '{ kmLogs: { id: string; 
createdAt: Date; updatedAt: 
Date; memberId: string; 
blockWeekId: string; totalKm: 
number; }[]; lifestyleLogs: { 
id: string; createdAt: Date; 
updatedAt: Date; memberId: 
string; blockWeekId: string; 
postCount: number; }[]; 
attendance: { ...; }[]; team: { 
...; } | null; weighIns: { ...; 
}[]; } &...' is not assignable 
to type 'Member'.
    Types of property 'team' are 
incompatible.
      Type '{ id: string; name: 
string; createdAt: Date; 
updatedAt: Date; } | null' is 
not assignable to type '{ name: 
string; } | undefined'.
        Type 'null' is not 
assignable to type '{ name: 
string; } | undefined'.

[0m [90m 37 |[39m             
    [33m<[39m[33mSummaryReport
View[39m
 [90m 38 |[39m                 
    block[33m=[39m{data[33m.[
39mblock}
[31m[1m>[22m[39m[90m 39 
|[39m                     member
s[33m=[39m{data[33m.[39mmembe
rs}
 [90m    |[39m                 
    [31m[1m^[22m[39m
 [90m 40 |[39m                 
    sessions[33m=[39m{data[33m
.[39msessions}
 [90m 41 |[39m                 
[33m/[39m[33m>[39m
 [90m 42 |[39m             [33
m<[39m[33m/[39m[33mdiv[39m[
33m>[39m[0m
Next.js build worker exited with 
code: 1 and signal: null
